node.exe : FAIL lib/__tests__/chatScreen.test.tsx
At C:\Program Files\nodejs\npx.ps1:29 char:3
+   & $NODE_EXE $NPX_CLI_JS $args
+   ~~~~~~~~~~~~~~~~~~~~~~~~~~~~~
    + CategoryInfo          : NotSpecified: (FAIL lib/__tests__/chatScreen.test.tsx:String) [], RemoteException
    + FullyQualifiedErrorId : NativeCommandError
 
  ΓùÅ Test suite failed to run

    SyntaxError: C:\Users\hp\Desktop\FYP\app\my-ai-app\node_modules\react-native\jest\setup.js: Unexpected token, 
expected "," (31:12)

    [0m [90m 29 |[39m     configurable[33m:[39m [36mtrue[39m[33m,[39m
     [90m 30 |[39m     enumerable[33m:[39m [36mtrue[39m[33m,[39m
    [31m[1m>[22m[39m[90m 31 |[39m     value(id[33m:[39m [33mTimeoutID[39m)[33m:[39m [36mvoid[39m {
     [90m    |[39m             [31m[1m^[22m[39m
     [90m 32 |[39m       [36mreturn[39m clearTimeout(id)[33m;[39m
     [90m 33 |[39m     }[33m,[39m
     [90m 34 |[39m     writable[33m:[39m [36mtrue[39m[33m,[39m[0m

      at constructor (node_modules/@babel/parser/lib/index.js:365:19)
      at JSXParserMixin.raise (node_modules/@babel/parser/lib/index.js:6599:19)
      at JSXParserMixin.unexpected (node_modules/@babel/parser/lib/index.js:6619:16)
      at JSXParserMixin.expect (node_modules/@babel/parser/lib/index.js:6899:12)
      at JSXParserMixin.parseBindingList (node_modules/@babel/parser/lib/index.js:7366:14)
      at JSXParserMixin.parseFunctionParams (node_modules/@babel/parser/lib/index.js:13461:24)
      at JSXParserMixin.parseMethod (node_modules/@babel/parser/lib/index.js:12043:10)
      at JSXParserMixin.parseObjectMethod (node_modules/@babel/parser/lib/index.js:11944:19)
      at JSXParserMixin.parseObjPropValue (node_modules/@babel/parser/lib/index.js:11978:23)
      at JSXParserMixin.parsePropertyDefinition (node_modules/@babel/parser/lib/index.js:11915:17)
      at JSXParserMixin.parseObjectLike (node_modules/@babel/parser/lib/index.js:11832:21)
      at JSXParserMixin.parseExprAtom (node_modules/@babel/parser/lib/index.js:11339:23)
      at JSXParserMixin.parseExprAtom (node_modules/@babel/parser/lib/index.js:4764:20)
      at JSXParserMixin.parseExprSubscripts (node_modules/@babel/parser/lib/index.js:11081:23)
      at JSXParserMixin.parseUpdate (node_modules/@babel/parser/lib/index.js:11066:21)
      at JSXParserMixin.parseMaybeUnary (node_modules/@babel/parser/lib/index.js:11046:23)
      at JSXParserMixin.parseMaybeUnaryOrPrivate (node_modules/@babel/parser/lib/index.js:10899:61)
      at JSXParserMixin.parseExprOps (node_modules/@babel/parser/lib/index.js:10904:23)
      at JSXParserMixin.parseMaybeConditional (node_modules/@babel/parser/lib/index.js:10881:23)
      at JSXParserMixin.parseMaybeAssign (node_modules/@babel/parser/lib/index.js:10831:21)
      at node_modules/@babel/parser/lib/index.js:10800:39
      at JSXParserMixin.allowInAnd (node_modules/@babel/parser/lib/index.js:12426:12)
      at JSXParserMixin.parseMaybeAssignAllowIn (node_modules/@babel/parser/lib/index.js:10800:17)
      at JSXParserMixin.parseMaybeAssignAllowInOrVoidPattern (node_modules/@babel/parser/lib/index.js:12493:17)
      at JSXParserMixin.parseObjectProperty (node_modules/@babel/parser/lib/index.js:11950:83)
      at JSXParserMixin.parseObjPropValue (node_modules/@babel/parser/lib/index.js:11978:100)
      at JSXParserMixin.parsePropertyDefinition (node_modules/@babel/parser/lib/index.js:11915:17)
      at JSXParserMixin.parseObjectLike (node_modules/@babel/parser/lib/index.js:11832:21)
      at JSXParserMixin.parseExprAtom (node_modules/@babel/parser/lib/index.js:11339:23)
      at JSXParserMixin.parseExprAtom (node_modules/@babel/parser/lib/index.js:4764:20)
      at JSXParserMixin.parseExprSubscripts (node_modules/@babel/parser/lib/index.js:11081:23)
      at JSXParserMixin.parseUpdate (node_modules/@babel/parser/lib/index.js:11066:21)
      at JSXParserMixin.parseMaybeUnary (node_modules/@babel/parser/lib/index.js:11046:23)
      at JSXParserMixin.parseMaybeUnaryOrPrivate (node_modules/@babel/parser/lib/index.js:10899:61)
      at JSXParserMixin.parseExprOps (node_modules/@babel/parser/lib/index.js:10904:23)
      at JSXParserMixin.parseMaybeConditional (node_modules/@babel/parser/lib/index.js:10881:23)
      at JSXParserMixin.parseMaybeAssign (node_modules/@babel/parser/lib/index.js:10831:21)
      at node_modules/@babel/parser/lib/index.js:10800:39
      at JSXParserMixin.allowInAnd (node_modules/@babel/parser/lib/index.js:12426:12)
      at JSXParserMixin.parseMaybeAssignAllowIn (node_modules/@babel/parser/lib/index.js:10800:17)
      at JSXParserMixin.parseMaybeAssignAllowInOrVoidPattern (node_modules/@babel/parser/lib/index.js:12493:17)
      at JSXParserMixin.parseExprListItem (node_modules/@babel/parser/lib/index.js:12175:18)
      at JSXParserMixin.parseCallExpressionArguments (node_modules/@babel/parser/lib/index.js:11252:22)
      at JSXParserMixin.parseCoverCallAndAsyncArrowHead (node_modules/@babel/parser/lib/index.js:11186:29)
      at JSXParserMixin.parseSubscript (node_modules/@babel/parser/lib/index.js:11120:19)
      at JSXParserMixin.parseSubscripts (node_modules/@babel/parser/lib/index.js:11094:19)
      at JSXParserMixin.parseExprSubscripts (node_modules/@babel/parser/lib/index.js:11085:17)
      at JSXParserMixin.parseUpdate (node_modules/@babel/parser/lib/index.js:11066:21)
      at JSXParserMixin.parseMaybeUnary (node_modules/@babel/parser/lib/index.js:11046:23)
      at JSXParserMixin.parseMaybeUnaryOrPrivate (node_modules/@babel/parser/lib/index.js:10899:61)

FAIL lib/__tests__/authValidations.test.ts
  ΓùÅ Test suite failed to run

    SyntaxError: C:\Users\hp\Desktop\FYP\app\my-ai-app\node_modules\react-native\jest\setup.js: Unexpected token, 
expected "," (31:12)

    [0m [90m 29 |[39m     configurable[33m:[39m [36mtrue[39m[33m,[39m
     [90m 30 |[39m     enumerable[33m:[39m [36mtrue[39m[33m,[39m
    [31m[1m>[22m[39m[90m 31 |[39m     value(id[33m:[39m [33mTimeoutID[39m)[33m:[39m [36mvoid[39m {
     [90m    |[39m             [31m[1m^[22m[39m
     [90m 32 |[39m       [36mreturn[39m clearTimeout(id)[33m;[39m
     [90m 33 |[39m     }[33m,[39m
     [90m 34 |[39m     writable[33m:[39m [36mtrue[39m[33m,[39m[0m

      at constructor (node_modules/@babel/parser/lib/index.js:365:19)
      at JSXParserMixin.raise (node_modules/@babel/parser/lib/index.js:6599:19)
      at JSXParserMixin.unexpected (node_modules/@babel/parser/lib/index.js:6619:16)
      at JSXParserMixin.expect (node_modules/@babel/parser/lib/index.js:6899:12)
      at JSXParserMixin.parseBindingList (node_modules/@babel/parser/lib/index.js:7366:14)
      at JSXParserMixin.parseFunctionParams (node_modules/@babel/parser/lib/index.js:13461:24)
      at JSXParserMixin.parseMethod (node_modules/@babel/parser/lib/index.js:12043:10)
      at JSXParserMixin.parseObjectMethod (node_modules/@babel/parser/lib/index.js:11944:19)
      at JSXParserMixin.parseObjPropValue (node_modules/@babel/parser/lib/index.js:11978:23)
      at JSXParserMixin.parsePropertyDefinition (node_modules/@babel/parser/lib/index.js:11915:17)
      at JSXParserMixin.parseObjectLike (node_modules/@babel/parser/lib/index.js:11832:21)
      at JSXParserMixin.parseExprAtom (node_modules/@babel/parser/lib/index.js:11339:23)
      at JSXParserMixin.parseExprAtom (node_modules/@babel/parser/lib/index.js:4764:20)
      at JSXParserMixin.parseExprSubscripts (node_modules/@babel/parser/lib/index.js:11081:23)
      at JSXParserMixin.parseUpdate (node_modules/@babel/parser/lib/index.js:11066:21)
      at JSXParserMixin.parseMaybeUnary (node_modules/@babel/parser/lib/index.js:11046:23)
      at JSXParserMixin.parseMaybeUnaryOrPrivate (node_modules/@babel/parser/lib/index.js:10899:61)
      at JSXParserMixin.parseExprOps (node_modules/@babel/parser/lib/index.js:10904:23)
      at JSXParserMixin.parseMaybeConditional (node_modules/@babel/parser/lib/index.js:10881:23)
      at JSXParserMixin.parseMaybeAssign (node_modules/@babel/parser/lib/index.js:10831:21)
      at node_modules/@babel/parser/lib/index.js:10800:39
      at JSXParserMixin.allowInAnd (node_modules/@babel/parser/lib/index.js:12426:12)
      at JSXParserMixin.parseMaybeAssignAllowIn (node_modules/@babel/parser/lib/index.js:10800:17)
      at JSXParserMixin.parseMaybeAssignAllowInOrVoidPattern (node_modules/@babel/parser/lib/index.js:12493:17)
      at JSXParserMixin.parseObjectProperty (node_modules/@babel/parser/lib/index.js:11950:83)
      at JSXParserMixin.parseObjPropValue (node_modules/@babel/parser/lib/index.js:11978:100)
      at JSXParserMixin.parsePropertyDefinition (node_modules/@babel/parser/lib/index.js:11915:17)
      at JSXParserMixin.parseObjectLike (node_modules/@babel/parser/lib/index.js:11832:21)
      at JSXParserMixin.parseExprAtom (node_modules/@babel/parser/lib/index.js:11339:23)
      at JSXParserMixin.parseExprAtom (node_modules/@babel/parser/lib/index.js:4764:20)
      at JSXParserMixin.parseExprSubscripts (node_modules/@babel/parser/lib/index.js:11081:23)
      at JSXParserMixin.parseUpdate (node_modules/@babel/parser/lib/index.js:11066:21)
      at JSXParserMixin.parseMaybeUnary (node_modules/@babel/parser/lib/index.js:11046:23)
      at JSXParserMixin.parseMaybeUnaryOrPrivate (node_modules/@babel/parser/lib/index.js:10899:61)
      at JSXParserMixin.parseExprOps (node_modules/@babel/parser/lib/index.js:10904:23)
      at JSXParserMixin.parseMaybeConditional (node_modules/@babel/parser/lib/index.js:10881:23)
      at JSXParserMixin.parseMaybeAssign (node_modules/@babel/parser/lib/index.js:10831:21)
      at node_modules/@babel/parser/lib/index.js:10800:39
      at JSXParserMixin.allowInAnd (node_modules/@babel/parser/lib/index.js:12426:12)
      at JSXParserMixin.parseMaybeAssignAllowIn (node_modules/@babel/parser/lib/index.js:10800:17)
      at JSXParserMixin.parseMaybeAssignAllowInOrVoidPattern (node_modules/@babel/parser/lib/index.js:12493:17)
      at JSXParserMixin.parseExprListItem (node_modules/@babel/parser/lib/index.js:12175:18)
      at JSXParserMixin.parseCallExpressionArguments (node_modules/@babel/parser/lib/index.js:11252:22)
      at JSXParserMixin.parseCoverCallAndAsyncArrowHead (node_modules/@babel/parser/lib/index.js:11186:29)
      at JSXParserMixin.parseSubscript (node_modules/@babel/parser/lib/index.js:11120:19)
      at JSXParserMixin.parseSubscripts (node_modules/@babel/parser/lib/index.js:11094:19)
      at JSXParserMixin.parseExprSubscripts (node_modules/@babel/parser/lib/index.js:11085:17)
      at JSXParserMixin.parseUpdate (node_modules/@babel/parser/lib/index.js:11066:21)
      at JSXParserMixin.parseMaybeUnary (node_modules/@babel/parser/lib/index.js:11046:23)
      at JSXParserMixin.parseMaybeUnaryOrPrivate (node_modules/@babel/parser/lib/index.js:10899:61)

FAIL lib/services/__tests__/chatService.test.ts
  ΓùÅ Test suite failed to run

    SyntaxError: C:\Users\hp\Desktop\FYP\app\my-ai-app\node_modules\react-native\jest\setup.js: Unexpected token, 
expected "," (31:12)

    [0m [90m 29 |[39m     configurable[33m:[39m [36mtrue[39m[33m,[39m
     [90m 30 |[39m     enumerable[33m:[39m [36mtrue[39m[33m,[39m
    [31m[1m>[22m[39m[90m 31 |[39m     value(id[33m:[39m [33mTimeoutID[39m)[33m:[39m [36mvoid[39m {
     [90m    |[39m             [31m[1m^[22m[39m
     [90m 32 |[39m       [36mreturn[39m clearTimeout(id)[33m;[39m
     [90m 33 |[39m     }[33m,[39m
     [90m 34 |[39m     writable[33m:[39m [36mtrue[39m[33m,[39m[0m

      at constructor (node_modules/@babel/parser/lib/index.js:365:19)
      at JSXParserMixin.raise (node_modules/@babel/parser/lib/index.js:6599:19)
      at JSXParserMixin.unexpected (node_modules/@babel/parser/lib/index.js:6619:16)
      at JSXParserMixin.expect (node_modules/@babel/parser/lib/index.js:6899:12)
      at JSXParserMixin.parseBindingList (node_modules/@babel/parser/lib/index.js:7366:14)
      at JSXParserMixin.parseFunctionParams (node_modules/@babel/parser/lib/index.js:13461:24)
      at JSXParserMixin.parseMethod (node_modules/@babel/parser/lib/index.js:12043:10)
      at JSXParserMixin.parseObjectMethod (node_modules/@babel/parser/lib/index.js:11944:19)
      at JSXParserMixin.parseObjPropValue (node_modules/@babel/parser/lib/index.js:11978:23)
      at JSXParserMixin.parsePropertyDefinition (node_modules/@babel/parser/lib/index.js:11915:17)
      at JSXParserMixin.parseObjectLike (node_modules/@babel/parser/lib/index.js:11832:21)
      at JSXParserMixin.parseExprAtom (node_modules/@babel/parser/lib/index.js:11339:23)
      at JSXParserMixin.parseExprAtom (node_modules/@babel/parser/lib/index.js:4764:20)
      at JSXParserMixin.parseExprSubscripts (node_modules/@babel/parser/lib/index.js:11081:23)
      at JSXParserMixin.parseUpdate (node_modules/@babel/parser/lib/index.js:11066:21)
      at JSXParserMixin.parseMaybeUnary (node_modules/@babel/parser/lib/index.js:11046:23)
      at JSXParserMixin.parseMaybeUnaryOrPrivate (node_modules/@babel/parser/lib/index.js:10899:61)
      at JSXParserMixin.parseExprOps (node_modules/@babel/parser/lib/index.js:10904:23)
      at JSXParserMixin.parseMaybeConditional (node_modules/@babel/parser/lib/index.js:10881:23)
      at JSXParserMixin.parseMaybeAssign (node_modules/@babel/parser/lib/index.js:10831:21)
      at node_modules/@babel/parser/lib/index.js:10800:39
      at JSXParserMixin.allowInAnd (node_modules/@babel/parser/lib/index.js:12426:12)
      at JSXParserMixin.parseMaybeAssignAllowIn (node_modules/@babel/parser/lib/index.js:10800:17)
      at JSXParserMixin.parseMaybeAssignAllowInOrVoidPattern (node_modules/@babel/parser/lib/index.js:12493:17)
      at JSXParserMixin.parseObjectProperty (node_modules/@babel/parser/lib/index.js:11950:83)
      at JSXParserMixin.parseObjPropValue (node_modules/@babel/parser/lib/index.js:11978:100)
      at JSXParserMixin.parsePropertyDefinition (node_modules/@babel/parser/lib/index.js:11915:17)
      at JSXParserMixin.parseObjectLike (node_modules/@babel/parser/lib/index.js:11832:21)
      at JSXParserMixin.parseExprAtom (node_modules/@babel/parser/lib/index.js:11339:23)
      at JSXParserMixin.parseExprAtom (node_modules/@babel/parser/lib/index.js:4764:20)
      at JSXParserMixin.parseExprSubscripts (node_modules/@babel/parser/lib/index.js:11081:23)
      at JSXParserMixin.parseUpdate (node_modules/@babel/parser/lib/index.js:11066:21)
      at JSXParserMixin.parseMaybeUnary (node_modules/@babel/parser/lib/index.js:11046:23)
      at JSXParserMixin.parseMaybeUnaryOrPrivate (node_modules/@babel/parser/lib/index.js:10899:61)
      at JSXParserMixin.parseExprOps (node_modules/@babel/parser/lib/index.js:10904:23)
      at JSXParserMixin.parseMaybeConditional (node_modules/@babel/parser/lib/index.js:10881:23)
      at JSXParserMixin.parseMaybeAssign (node_modules/@babel/parser/lib/index.js:10831:21)
      at node_modules/@babel/parser/lib/index.js:10800:39
      at JSXParserMixin.allowInAnd (node_modules/@babel/parser/lib/index.js:12426:12)
      at JSXParserMixin.parseMaybeAssignAllowIn (node_modules/@babel/parser/lib/index.js:10800:17)
      at JSXParserMixin.parseMaybeAssignAllowInOrVoidPattern (node_modules/@babel/parser/lib/index.js:12493:17)
      at JSXParserMixin.parseExprListItem (node_modules/@babel/parser/lib/index.js:12175:18)
      at JSXParserMixin.parseCallExpressionArguments (node_modules/@babel/parser/lib/index.js:11252:22)
      at JSXParserMixin.parseCoverCallAndAsyncArrowHead (node_modules/@babel/parser/lib/index.js:11186:29)
      at JSXParserMixin.parseSubscript (node_modules/@babel/parser/lib/index.js:11120:19)
      at JSXParserMixin.parseSubscripts (node_modules/@babel/parser/lib/index.js:11094:19)
      at JSXParserMixin.parseExprSubscripts (node_modules/@babel/parser/lib/index.js:11085:17)
      at JSXParserMixin.parseUpdate (node_modules/@babel/parser/lib/index.js:11066:21)
      at JSXParserMixin.parseMaybeUnary (node_modules/@babel/parser/lib/index.js:11046:23)
      at JSXParserMixin.parseMaybeUnaryOrPrivate (node_modules/@babel/parser/lib/index.js:10899:61)

FAIL lib/__tests__/authScreens.test.tsx
  ΓùÅ Test suite failed to run

    SyntaxError: C:\Users\hp\Desktop\FYP\app\my-ai-app\node_modules\react-native\jest\setup.js: Unexpected token, 
expected "," (31:12)

    [0m [90m 29 |[39m     configurable[33m:[39m [36mtrue[39m[33m,[39m
     [90m 30 |[39m     enumerable[33m:[39m [36mtrue[39m[33m,[39m
    [31m[1m>[22m[39m[90m 31 |[39m     value(id[33m:[39m [33mTimeoutID[39m)[33m:[39m [36mvoid[39m {
     [90m    |[39m             [31m[1m^[22m[39m
     [90m 32 |[39m       [36mreturn[39m clearTimeout(id)[33m;[39m
     [90m 33 |[39m     }[33m,[39m
     [90m 34 |[39m     writable[33m:[39m [36mtrue[39m[33m,[39m[0m

      at constructor (node_modules/@babel/parser/lib/index.js:365:19)
      at JSXParserMixin.raise (node_modules/@babel/parser/lib/index.js:6599:19)
      at JSXParserMixin.unexpected (node_modules/@babel/parser/lib/index.js:6619:16)
      at JSXParserMixin.expect (node_modules/@babel/parser/lib/index.js:6899:12)
      at JSXParserMixin.parseBindingList (node_modules/@babel/parser/lib/index.js:7366:14)
      at JSXParserMixin.parseFunctionParams (node_modules/@babel/parser/lib/index.js:13461:24)
      at JSXParserMixin.parseMethod (node_modules/@babel/parser/lib/index.js:12043:10)
      at JSXParserMixin.parseObjectMethod (node_modules/@babel/parser/lib/index.js:11944:19)
      at JSXParserMixin.parseObjPropValue (node_modules/@babel/parser/lib/index.js:11978:23)
      at JSXParserMixin.parsePropertyDefinition (node_modules/@babel/parser/lib/index.js:11915:17)
      at JSXParserMixin.parseObjectLike (node_modules/@babel/parser/lib/index.js:11832:21)
      at JSXParserMixin.parseExprAtom (node_modules/@babel/parser/lib/index.js:11339:23)
      at JSXParserMixin.parseExprAtom (node_modules/@babel/parser/lib/index.js:4764:20)
      at JSXParserMixin.parseExprSubscripts (node_modules/@babel/parser/lib/index.js:11081:23)
      at JSXParserMixin.parseUpdate (node_modules/@babel/parser/lib/index.js:11066:21)
      at JSXParserMixin.parseMaybeUnary (node_modules/@babel/parser/lib/index.js:11046:23)
      at JSXParserMixin.parseMaybeUnaryOrPrivate (node_modules/@babel/parser/lib/index.js:10899:61)
      at JSXParserMixin.parseExprOps (node_modules/@babel/parser/lib/index.js:10904:23)
      at JSXParserMixin.parseMaybeConditional (node_modules/@babel/parser/lib/index.js:10881:23)
      at JSXParserMixin.parseMaybeAssign (node_modules/@babel/parser/lib/index.js:10831:21)
      at node_modules/@babel/parser/lib/index.js:10800:39
      at JSXParserMixin.allowInAnd (node_modules/@babel/parser/lib/index.js:12426:12)
      at JSXParserMixin.parseMaybeAssignAllowIn (node_modules/@babel/parser/lib/index.js:10800:17)
      at JSXParserMixin.parseMaybeAssignAllowInOrVoidPattern (node_modules/@babel/parser/lib/index.js:12493:17)
      at JSXParserMixin.parseObjectProperty (node_modules/@babel/parser/lib/index.js:11950:83)
      at JSXParserMixin.parseObjPropValue (node_modules/@babel/parser/lib/index.js:11978:100)
      at JSXParserMixin.parsePropertyDefinition (node_modules/@babel/parser/lib/index.js:11915:17)
      at JSXParserMixin.parseObjectLike (node_modules/@babel/parser/lib/index.js:11832:21)
      at JSXParserMixin.parseExprAtom (node_modules/@babel/parser/lib/index.js:11339:23)
      at JSXParserMixin.parseExprAtom (node_modules/@babel/parser/lib/index.js:4764:20)
      at JSXParserMixin.parseExprSubscripts (node_modules/@babel/parser/lib/index.js:11081:23)
      at JSXParserMixin.parseUpdate (node_modules/@babel/parser/lib/index.js:11066:21)
      at JSXParserMixin.parseMaybeUnary (node_modules/@babel/parser/lib/index.js:11046:23)
      at JSXParserMixin.parseMaybeUnaryOrPrivate (node_modules/@babel/parser/lib/index.js:10899:61)
      at JSXParserMixin.parseExprOps (node_modules/@babel/parser/lib/index.js:10904:23)
      at JSXParserMixin.parseMaybeConditional (node_modules/@babel/parser/lib/index.js:10881:23)
      at JSXParserMixin.parseMaybeAssign (node_modules/@babel/parser/lib/index.js:10831:21)
      at node_modules/@babel/parser/lib/index.js:10800:39
      at JSXParserMixin.allowInAnd (node_modules/@babel/parser/lib/index.js:12426:12)
      at JSXParserMixin.parseMaybeAssignAllowIn (node_modules/@babel/parser/lib/index.js:10800:17)
      at JSXParserMixin.parseMaybeAssignAllowInOrVoidPattern (node_modules/@babel/parser/lib/index.js:12493:17)
      at JSXParserMixin.parseExprListItem (node_modules/@babel/parser/lib/index.js:12175:18)
      at JSXParserMixin.parseCallExpressionArguments (node_modules/@babel/parser/lib/index.js:11252:22)
      at JSXParserMixin.parseCoverCallAndAsyncArrowHead (node_modules/@babel/parser/lib/index.js:11186:29)
      at JSXParserMixin.parseSubscript (node_modules/@babel/parser/lib/index.js:11120:19)
      at JSXParserMixin.parseSubscripts (node_modules/@babel/parser/lib/index.js:11094:19)
      at JSXParserMixin.parseExprSubscripts (node_modules/@babel/parser/lib/index.js:11085:17)
      at JSXParserMixin.parseUpdate (node_modules/@babel/parser/lib/index.js:11066:21)
      at JSXParserMixin.parseMaybeUnary (node_modules/@babel/parser/lib/index.js:11046:23)
      at JSXParserMixin.parseMaybeUnaryOrPrivate (node_modules/@babel/parser/lib/index.js:10899:61)

FAIL lib/__tests__/utils.test.ts
  ΓùÅ Test suite failed to run

    SyntaxError: C:\Users\hp\Desktop\FYP\app\my-ai-app\node_modules\react-native\jest\setup.js: Unexpected token, 
expected "," (31:12)

    [0m [90m 29 |[39m     configurable[33m:[39m [36mtrue[39m[33m,[39m
     [90m 30 |[39m     enumerable[33m:[39m [36mtrue[39m[33m,[39m
    [31m[1m>[22m[39m[90m 31 |[39m     value(id[33m:[39m [33mTimeoutID[39m)[33m:[39m [36mvoid[39m {
     [90m    |[39m             [31m[1m^[22m[39m
     [90m 32 |[39m       [36mreturn[39m clearTimeout(id)[33m;[39m
     [90m 33 |[39m     }[33m,[39m
     [90m 34 |[39m     writable[33m:[39m [36mtrue[39m[33m,[39m[0m

      at constructor (node_modules/@babel/parser/lib/index.js:365:19)
      at JSXParserMixin.raise (node_modules/@babel/parser/lib/index.js:6599:19)
      at JSXParserMixin.unexpected (node_modules/@babel/parser/lib/index.js:6619:16)
      at JSXParserMixin.expect (node_modules/@babel/parser/lib/index.js:6899:12)
      at JSXParserMixin.parseBindingList (node_modules/@babel/parser/lib/index.js:7366:14)
      at JSXParserMixin.parseFunctionParams (node_modules/@babel/parser/lib/index.js:13461:24)
      at JSXParserMixin.parseMethod (node_modules/@babel/parser/lib/index.js:12043:10)
      at JSXParserMixin.parseObjectMethod (node_modules/@babel/parser/lib/index.js:11944:19)
      at JSXParserMixin.parseObjPropValue (node_modules/@babel/parser/lib/index.js:11978:23)
      at JSXParserMixin.parsePropertyDefinition (node_modules/@babel/parser/lib/index.js:11915:17)
      at JSXParserMixin.parseObjectLike (node_modules/@babel/parser/lib/index.js:11832:21)
      at JSXParserMixin.parseExprAtom (node_modules/@babel/parser/lib/index.js:11339:23)
      at JSXParserMixin.parseExprAtom (node_modules/@babel/parser/lib/index.js:4764:20)
      at JSXParserMixin.parseExprSubscripts (node_modules/@babel/parser/lib/index.js:11081:23)
      at JSXParserMixin.parseUpdate (node_modules/@babel/parser/lib/index.js:11066:21)
      at JSXParserMixin.parseMaybeUnary (node_modules/@babel/parser/lib/index.js:11046:23)
      at JSXParserMixin.parseMaybeUnaryOrPrivate (node_modules/@babel/parser/lib/index.js:10899:61)
      at JSXParserMixin.parseExprOps (node_modules/@babel/parser/lib/index.js:10904:23)
      at JSXParserMixin.parseMaybeConditional (node_modules/@babel/parser/lib/index.js:10881:23)
      at JSXParserMixin.parseMaybeAssign (node_modules/@babel/parser/lib/index.js:10831:21)
      at node_modules/@babel/parser/lib/index.js:10800:39
      at JSXParserMixin.allowInAnd (node_modules/@babel/parser/lib/index.js:12426:12)
      at JSXParserMixin.parseMaybeAssignAllowIn (node_modules/@babel/parser/lib/index.js:10800:17)
      at JSXParserMixin.parseMaybeAssignAllowInOrVoidPattern (node_modules/@babel/parser/lib/index.js:12493:17)
      at JSXParserMixin.parseObjectProperty (node_modules/@babel/parser/lib/index.js:11950:83)
      at JSXParserMixin.parseObjPropValue (node_modules/@babel/parser/lib/index.js:11978:100)
      at JSXParserMixin.parsePropertyDefinition (node_modules/@babel/parser/lib/index.js:11915:17)
      at JSXParserMixin.parseObjectLike (node_modules/@babel/parser/lib/index.js:11832:21)
      at JSXParserMixin.parseExprAtom (node_modules/@babel/parser/lib/index.js:11339:23)
      at JSXParserMixin.parseExprAtom (node_modules/@babel/parser/lib/index.js:4764:20)
      at JSXParserMixin.parseExprSubscripts (node_modules/@babel/parser/lib/index.js:11081:23)
      at JSXParserMixin.parseUpdate (node_modules/@babel/parser/lib/index.js:11066:21)
      at JSXParserMixin.parseMaybeUnary (node_modules/@babel/parser/lib/index.js:11046:23)
      at JSXParserMixin.parseMaybeUnaryOrPrivate (node_modules/@babel/parser/lib/index.js:10899:61)
      at JSXParserMixin.parseExprOps (node_modules/@babel/parser/lib/index.js:10904:23)
      at JSXParserMixin.parseMaybeConditional (node_modules/@babel/parser/lib/index.js:10881:23)
      at JSXParserMixin.parseMaybeAssign (node_modules/@babel/parser/lib/index.js:10831:21)
      at node_modules/@babel/parser/lib/index.js:10800:39
      at JSXParserMixin.allowInAnd (node_modules/@babel/parser/lib/index.js:12426:12)
      at JSXParserMixin.parseMaybeAssignAllowIn (node_modules/@babel/parser/lib/index.js:10800:17)
      at JSXParserMixin.parseMaybeAssignAllowInOrVoidPattern (node_modules/@babel/parser/lib/index.js:12493:17)
      at JSXParserMixin.parseExprListItem (node_modules/@babel/parser/lib/index.js:12175:18)
      at JSXParserMixin.parseCallExpressionArguments (node_modules/@babel/parser/lib/index.js:11252:22)
      at JSXParserMixin.parseCoverCallAndAsyncArrowHead (node_modules/@babel/parser/lib/index.js:11186:29)
      at JSXParserMixin.parseSubscript (node_modules/@babel/parser/lib/index.js:11120:19)
      at JSXParserMixin.parseSubscripts (node_modules/@babel/parser/lib/index.js:11094:19)
      at JSXParserMixin.parseExprSubscripts (node_modules/@babel/parser/lib/index.js:11085:17)
      at JSXParserMixin.parseUpdate (node_modules/@babel/parser/lib/index.js:11066:21)
      at JSXParserMixin.parseMaybeUnary (node_modules/@babel/parser/lib/index.js:11046:23)
      at JSXParserMixin.parseMaybeUnaryOrPrivate (node_modules/@babel/parser/lib/index.js:10899:61)

Test Suites: 5 failed, 5 total
Tests:       0 total
Snapshots:   0 total
Time:        16.458 s
Ran all test suites.
